Archive member included to satisfy reference by file (symbol)

/usr/lib/x86_64-linux-gnu/libc_nonshared.a(elf-init.oS)
                              /usr/lib/gcc/x86_64-linux-gnu/5/../../../x86_64-linux-gnu/crt1.o (__libc_csu_init)

Discarded input sections

 .note.GNU-stack
                0x0000000000000000        0x0 /usr/lib/gcc/x86_64-linux-gnu/5/../../../x86_64-linux-gnu/crt1.o
 .note.GNU-stack
                0x0000000000000000        0x0 /usr/lib/gcc/x86_64-linux-gnu/5/../../../x86_64-linux-gnu/crti.o
 .note.GNU-stack
                0x0000000000000000        0x0 /usr/lib/gcc/x86_64-linux-gnu/5/crtbegin.o
 .note.GNU-stack
                0x0000000000000000        0x0 /tmp/ccQDEMQ2.o
 .note.GNU-stack
                0x0000000000000000        0x0 /tmp/ccsEEWXn.o
 .note.GNU-stack
                0x0000000000000000        0x0 /tmp/ccPtA0dJ.o
 .note.GNU-stack
                0x0000000000000000        0x0 /tmp/ccpkwXF4.o
 .note.GNU-stack
                0x0000000000000000        0x0 /tmp/ccJpnGhq.o
 .note.GNU-stack
                0x0000000000000000        0x0 /usr/lib/x86_64-linux-gnu/libc_nonshared.a(elf-init.oS)
 .note.GNU-stack
                0x0000000000000000        0x0 /usr/lib/gcc/x86_64-linux-gnu/5/crtend.o
 .note.GNU-stack
                0x0000000000000000        0x0 /usr/lib/gcc/x86_64-linux-gnu/5/../../../x86_64-linux-gnu/crtn.o

Memory Configuration

Name             Origin             Length             Attributes
*default*        0x0000000000000000 0xffffffffffffffff

Linker script and memory map

LOAD /usr/lib/gcc/x86_64-linux-gnu/5/../../../x86_64-linux-gnu/crt1.o
LOAD /usr/lib/gcc/x86_64-linux-gnu/5/../../../x86_64-linux-gnu/crti.o
LOAD /usr/lib/gcc/x86_64-linux-gnu/5/crtbegin.o
LOAD /tmp/ccQDEMQ2.o
LOAD /tmp/ccsEEWXn.o
LOAD /tmp/ccPtA0dJ.o
LOAD /tmp/ccpkwXF4.o
LOAD /tmp/ccJpnGhq.o
LOAD /usr/lib/gcc/x86_64-linux-gnu/5/libgcc.a
LOAD /usr/lib/gcc/x86_64-linux-gnu/5/libgcc_s.so
LOAD /usr/lib/gcc/x86_64-linux-gnu/5/../../../x86_64-linux-gnu/libc.so
START GROUP
LOAD /lib/x86_64-linux-gnu/libc.so.6
LOAD /usr/lib/x86_64-linux-gnu/libc_nonshared.a
LOAD /lib/x86_64-linux-gnu/ld-linux-x86-64.so.2
END GROUP
LOAD /usr/lib/gcc/x86_64-linux-gnu/5/libgcc.a
LOAD /usr/lib/gcc/x86_64-linux-gnu/5/libgcc_s.so
LOAD /usr/lib/gcc/x86_64-linux-gnu/5/crtend.o
LOAD /usr/lib/gcc/x86_64-linux-gnu/5/../../../x86_64-linux-gnu/crtn.o
                [!provide]                        PROVIDE (__executable_start, 0x400000)
                0x0000000000400238                . = (0x400000 + SIZEOF_HEADERS)

.interp         0x0000000000400238       0x1c
 *(.interp)
 .interp        0x0000000000400238       0x1c /usr/lib/gcc/x86_64-linux-gnu/5/../../../x86_64-linux-gnu/crt1.o

.note.ABI-tag   0x0000000000400254       0x20
 .note.ABI-tag  0x0000000000400254       0x20 /usr/lib/gcc/x86_64-linux-gnu/5/../../../x86_64-linux-gnu/crt1.o

.note.gnu.build-id
                0x0000000000400274       0x24
 *(.note.gnu.build-id)
 .note.gnu.build-id
                0x0000000000400274       0x24 /usr/lib/gcc/x86_64-linux-gnu/5/../../../x86_64-linux-gnu/crt1.o

.hash
 *(.hash)

.gnu.hash       0x0000000000400298       0x1c
 *(.gnu.hash)
 .gnu.hash      0x0000000000400298       0x1c /usr/lib/gcc/x86_64-linux-gnu/5/../../../x86_64-linux-gnu/crt1.o

.dynsym         0x00000000004002b8       0xc0
 *(.dynsym)
 .dynsym        0x00000000004002b8       0xc0 /usr/lib/gcc/x86_64-linux-gnu/5/../../../x86_64-linux-gnu/crt1.o

.dynstr         0x0000000000400378       0x6b
 *(.dynstr)
 .dynstr        0x0000000000400378       0x6b /usr/lib/gcc/x86_64-linux-gnu/5/../../../x86_64-linux-gnu/crt1.o

.gnu.version    0x00000000004003e4       0x10
 *(.gnu.version)
 .gnu.version   0x00000000004003e4       0x10 /usr/lib/gcc/x86_64-linux-gnu/5/../../../x86_64-linux-gnu/crt1.o

.gnu.version_d  0x00000000004003f8        0x0
 *(.gnu.version_d)
 .gnu.version_d
                0x00000000004003f8        0x0 /usr/lib/gcc/x86_64-linux-gnu/5/../../../x86_64-linux-gnu/crt1.o

.gnu.version_r  0x00000000004003f8       0x30
 *(.gnu.version_r)
 .gnu.version_r
                0x00000000004003f8       0x30 /usr/lib/gcc/x86_64-linux-gnu/5/../../../x86_64-linux-gnu/crt1.o

.rela.dyn       0x0000000000400428       0x18
 *(.rela.init)
 *(.rela.text .rela.text.* .rela.gnu.linkonce.t.*)
 .rela.text     0x0000000000400428        0x0 /usr/lib/gcc/x86_64-linux-gnu/5/../../../x86_64-linux-gnu/crt1.o
 *(.rela.fini)
 *(.rela.rodata .rela.rodata.* .rela.gnu.linkonce.r.*)
 *(.rela.data .rela.data.* .rela.gnu.linkonce.d.*)
 *(.rela.tdata .rela.tdata.* .rela.gnu.linkonce.td.*)
 *(.rela.tbss .rela.tbss.* .rela.gnu.linkonce.tb.*)
 *(.rela.ctors)
 *(.rela.dtors)
 *(.rela.got)
 .rela.got      0x0000000000400428       0x18 /usr/lib/gcc/x86_64-linux-gnu/5/../../../x86_64-linux-gnu/crt1.o
 *(.rela.bss .rela.bss.* .rela.gnu.linkonce.b.*)
 .rela.bss      0x0000000000400440        0x0 /usr/lib/gcc/x86_64-linux-gnu/5/../../../x86_64-linux-gnu/crt1.o
 *(.rela.ldata .rela.ldata.* .rela.gnu.linkonce.l.*)
 *(.rela.lbss .rela.lbss.* .rela.gnu.linkonce.lb.*)
 *(.rela.lrodata .rela.lrodata.* .rela.gnu.linkonce.lr.*)
 *(.rela.ifunc)

.rela.plt       0x0000000000400440       0x90
 *(.rela.plt)
 .rela.plt      0x0000000000400440       0x90 /usr/lib/gcc/x86_64-linux-gnu/5/../../../x86_64-linux-gnu/crt1.o
                [!provide]                        PROVIDE (__rela_iplt_start, .)
 *(.rela.iplt)
 .rela.iplt     0x00000000004004d0        0x0 /usr/lib/gcc/x86_64-linux-gnu/5/../../../x86_64-linux-gnu/crt1.o
                [!provide]                        PROVIDE (__rela_iplt_end, .)

.init           0x00000000004004d0       0x1a
 *(SORT(.init))
 .init          0x00000000004004d0       0x15 /usr/lib/gcc/x86_64-linux-gnu/5/../../../x86_64-linux-gnu/crti.o
                0x00000000004004d0                _init
 .init          0x00000000004004e5        0x5 /usr/lib/gcc/x86_64-linux-gnu/5/../../../x86_64-linux-gnu/crtn.o

.plt            0x00000000004004f0       0x70
 *(.plt)
 .plt           0x00000000004004f0       0x70 /usr/lib/gcc/x86_64-linux-gnu/5/../../../x86_64-linux-gnu/crt1.o
                0x0000000000400500                free@@GLIBC_2.2.5
                0x0000000000400510                puts@@GLIBC_2.2.5
                0x0000000000400520                __stack_chk_fail@@GLIBC_2.4
                0x0000000000400530                printf@@GLIBC_2.2.5
                0x0000000000400540                __libc_start_main@@GLIBC_2.2.5
                0x0000000000400550                malloc@@GLIBC_2.2.5
 *(.iplt)
 .iplt          0x0000000000400560        0x0 /usr/lib/gcc/x86_64-linux-gnu/5/../../../x86_64-linux-gnu/crt1.o

.plt.got        0x0000000000400560        0x8
 *(.plt.got)
 .plt.got       0x0000000000400560        0x8 /usr/lib/gcc/x86_64-linux-gnu/5/../../../x86_64-linux-gnu/crt1.o

.plt.bnd
 *(.plt.bnd)

.text           0x0000000000400570     0x1402
 *(.text.unlikely .text.*_unlikely .text.unlikely.*)
 .text.unlikely
                0x0000000000400570        0x0 /usr/lib/gcc/x86_64-linux-gnu/5/crtbegin.o
 .text.unlikely
                0x0000000000400570        0x0 /usr/lib/x86_64-linux-gnu/libc_nonshared.a(elf-init.oS)
 *(.text.exit .text.exit.*)
 *(.text.startup .text.startup.*)
 *(.text.hot .text.hot.*)
 *(.text .stub .text.* .gnu.linkonce.t.*)
 .text          0x0000000000400570       0x2a /usr/lib/gcc/x86_64-linux-gnu/5/../../../x86_64-linux-gnu/crt1.o
                0x0000000000400570                _start
 .text          0x000000000040059a        0x0 /usr/lib/gcc/x86_64-linux-gnu/5/../../../x86_64-linux-gnu/crti.o
 *fill*         0x000000000040059a        0x6 
 .text          0x00000000004005a0       0xc6 /usr/lib/gcc/x86_64-linux-gnu/5/crtbegin.o
 .text          0x0000000000400666       0x10 /tmp/ccQDEMQ2.o
                0x0000000000400666                main
 .text          0x0000000000400676      0x2d6 /tmp/ccsEEWXn.o
                0x0000000000400676                set_value
                0x0000000000400699                clear_value
                0x00000000004006c1                get_value
                0x00000000004006db                set_all
                0x000000000040071c                clear_all
                0x0000000000400742                my_memmove
                0x00000000004007d4                my_memcopy
                0x000000000040081e                my_memset
                0x000000000040085f                my_memzero
                0x0000000000400898                my_reverse
                0x0000000000400913                reserve_words
                0x0000000000400931                free_words
 .text          0x000000000040094c      0x396 /tmp/ccPtA0dJ.o
                0x000000000040094c                my_itoa
                0x0000000000400ad3                my_atoi
 .text          0x0000000000400ce2      0x8ed /tmp/ccpkwXF4.o
                0x0000000000400ce2                test_data1
                0x0000000000400d9c                test_data2
                0x0000000000400e56                test_memmove1
                0x0000000000400f43                test_memmove2
                0x0000000000401030                test_memmove3
                0x0000000000401122                test_memcopy
                0x000000000040120f                test_memset
                0x0000000000401333                test_reverse
                0x00000000004014ae                course1
 .text          0x00000000004015cf      0x32e /tmp/ccJpnGhq.o
                0x00000000004015cf                print_statistics
                0x0000000000401682                print_array
                0x00000000004016dc                find_median
                0x000000000040176c                find_mean
                0x00000000004017b4                find_maximum
                0x0000000000401800                find_minimum
                0x000000000040184c                sort_array
 *fill*         0x00000000004018fd        0x3 
 .text          0x0000000000401900       0x72 /usr/lib/x86_64-linux-gnu/libc_nonshared.a(elf-init.oS)
                0x0000000000401900                __libc_csu_init
                0x0000000000401970                __libc_csu_fini
 .text          0x0000000000401972        0x0 /usr/lib/gcc/x86_64-linux-gnu/5/crtend.o
 .text          0x0000000000401972        0x0 /usr/lib/gcc/x86_64-linux-gnu/5/../../../x86_64-linux-gnu/crtn.o
 *(.gnu.warning)

.fini           0x0000000000401974        0x9
 *(SORT(.fini))
 .fini          0x0000000000401974        0x4 /usr/lib/gcc/x86_64-linux-gnu/5/../../../x86_64-linux-gnu/crti.o
                0x0000000000401974                _fini
 .fini          0x0000000000401978        0x5 /usr/lib/gcc/x86_64-linux-gnu/5/../../../x86_64-linux-gnu/crtn.o
                [!provide]                        PROVIDE (__etext, .)
                [!provide]                        PROVIDE (_etext, .)
                [!provide]                        PROVIDE (etext, .)

.rodata         0x0000000000401980      0x2e3
 *(.rodata .rodata.* .gnu.linkonce.r.*)
 .rodata.cst4   0x0000000000401980        0x4 /usr/lib/gcc/x86_64-linux-gnu/5/../../../x86_64-linux-gnu/crt1.o
                0x0000000000401980                _IO_stdin_used
 *fill*         0x0000000000401984        0x4 
 .rodata        0x0000000000401988      0x185 /tmp/ccpkwXF4.o
 *fill*         0x0000000000401b0d        0x3 
 .rodata        0x0000000000401b10      0x153 /tmp/ccJpnGhq.o

.rodata1
 *(.rodata1)

.eh_frame_hdr   0x0000000000401c64      0x124
 *(.eh_frame_hdr)
 .eh_frame_hdr  0x0000000000401c64      0x124 /usr/lib/gcc/x86_64-linux-gnu/5/../../../x86_64-linux-gnu/crt1.o
                0x0000000000401c64                __GNU_EH_FRAME_HDR
 *(.eh_frame_entry .eh_frame_entry.*)

.eh_frame       0x0000000000401d88      0x4b4
 *(.eh_frame)
 .eh_frame      0x0000000000401d88       0x30 /usr/lib/gcc/x86_64-linux-gnu/5/../../../x86_64-linux-gnu/crt1.o
 .eh_frame      0x0000000000401db8       0x40 /usr/lib/gcc/x86_64-linux-gnu/5/../../../x86_64-linux-gnu/crt1.o
 .eh_frame      0x0000000000401df8       0x20 /tmp/ccQDEMQ2.o
                                         0x38 (size before relaxing)
 .eh_frame      0x0000000000401e18      0x180 /tmp/ccsEEWXn.o
                                        0x198 (size before relaxing)
 .eh_frame      0x0000000000401f98       0x40 /tmp/ccPtA0dJ.o
                                         0x58 (size before relaxing)
 .eh_frame      0x0000000000401fd8      0x120 /tmp/ccpkwXF4.o
                                        0x138 (size before relaxing)
 .eh_frame      0x00000000004020f8       0xe0 /tmp/ccJpnGhq.o
                                         0xf8 (size before relaxing)
 .eh_frame      0x00000000004021d8       0x60 /usr/lib/x86_64-linux-gnu/libc_nonshared.a(elf-init.oS)
                                         0x78 (size before relaxing)
 .eh_frame      0x0000000000402238        0x4 /usr/lib/gcc/x86_64-linux-gnu/5/crtend.o
 *(.eh_frame.*)

.gcc_except_table
 *(.gcc_except_table .gcc_except_table.*)

.gnu_extab
 *(.gnu_extab*)

.exception_ranges
 *(.exception_ranges .exception_ranges*)
                0x0000000000602e10                . = DATA_SEGMENT_ALIGN (0x200000, 0x1000)

.eh_frame
 *(.eh_frame)
 *(.eh_frame.*)

.gnu_extab
 *(.gnu_extab)

.gcc_except_table
 *(.gcc_except_table .gcc_except_table.*)

.exception_ranges
 *(.exception_ranges .exception_ranges*)

.tdata
 *(.tdata .tdata.* .gnu.linkonce.td.*)

.tbss
 *(.tbss .tbss.* .gnu.linkonce.tb.*)
 *(.tcommon)

.preinit_array  0x0000000000602e10        0x0
                [!provide]                        PROVIDE (__preinit_array_start, .)
 *(.preinit_array)
                [!provide]                        PROVIDE (__preinit_array_end, .)

.init_array     0x0000000000602e10        0x8
                0x0000000000602e10                PROVIDE (__init_array_start, .)
 *(SORT(.init_array.*) SORT(.ctors.*))
 *(.init_array EXCLUDE_FILE(*crtend?.o *crtend.o *crtbegin?.o *crtbegin.o) .ctors)
 .init_array    0x0000000000602e10        0x8 /usr/lib/gcc/x86_64-linux-gnu/5/crtbegin.o
                0x0000000000602e18                PROVIDE (__init_array_end, .)

.fini_array     0x0000000000602e18        0x8
                [!provide]                        PROVIDE (__fini_array_start, .)
 *(SORT(.fini_array.*) SORT(.dtors.*))
 *(.fini_array EXCLUDE_FILE(*crtend?.o *crtend.o *crtbegin?.o *crtbegin.o) .dtors)
 .fini_array    0x0000000000602e18        0x8 /usr/lib/gcc/x86_64-linux-gnu/5/crtbegin.o
                [!provide]                        PROVIDE (__fini_array_end, .)

.ctors
 *crtbegin.o(.ctors)
 *crtbegin?.o(.ctors)
 *(EXCLUDE_FILE(*crtend?.o *crtend.o) .ctors)
 *(SORT(.ctors.*))
 *(.ctors)

.dtors
 *crtbegin.o(.dtors)
 *crtbegin?.o(.dtors)
 *(EXCLUDE_FILE(*crtend?.o *crtend.o) .dtors)
 *(SORT(.dtors.*))
 *(.dtors)

.jcr            0x0000000000602e20        0x8
 *(.jcr)
 .jcr           0x0000000000602e20        0x0 /usr/lib/gcc/x86_64-linux-gnu/5/crtbegin.o
 .jcr           0x0000000000602e20        0x8 /usr/lib/gcc/x86_64-linux-gnu/5/crtend.o

.data.rel.ro
 *(.data.rel.ro.local* .gnu.linkonce.d.rel.ro.local.*)
 *(.data.rel.ro .data.rel.ro.* .gnu.linkonce.d.rel.ro.*)

.dynamic        0x0000000000602e28      0x1d0
 *(.dynamic)
 .dynamic       0x0000000000602e28      0x1d0 /usr/lib/gcc/x86_64-linux-gnu/5/../../../x86_64-linux-gnu/crt1.o
                0x0000000000602e28                _DYNAMIC

.got            0x0000000000602ff8        0x8
 *(.got)
 .got           0x0000000000602ff8        0x8 /usr/lib/gcc/x86_64-linux-gnu/5/../../../x86_64-linux-gnu/crt1.o
 *(.igot)
                0x0000000000603fe8                . = DATA_SEGMENT_RELRO_END (., (SIZEOF (.got.plt) >= 0x18)?0x18:0x0)

.got.plt        0x0000000000603000       0x48
 *(.got.plt)
 .got.plt       0x0000000000603000       0x48 /usr/lib/gcc/x86_64-linux-gnu/5/../../../x86_64-linux-gnu/crt1.o
                0x0000000000603000                _GLOBAL_OFFSET_TABLE_
 *(.igot.plt)
 .igot.plt      0x0000000000603048        0x0 /usr/lib/gcc/x86_64-linux-gnu/5/../../../x86_64-linux-gnu/crt1.o

.data           0x0000000000603048       0x10
 *(.data .data.* .gnu.linkonce.d.*)
 .data          0x0000000000603048        0x4 /usr/lib/gcc/x86_64-linux-gnu/5/../../../x86_64-linux-gnu/crt1.o
                0x0000000000603048                data_start
                0x0000000000603048                __data_start
 .data          0x000000000060304c        0x0 /usr/lib/gcc/x86_64-linux-gnu/5/../../../x86_64-linux-gnu/crti.o
 *fill*         0x000000000060304c        0x4 
 .data          0x0000000000603050        0x8 /usr/lib/gcc/x86_64-linux-gnu/5/crtbegin.o
                0x0000000000603050                __dso_handle
 .data          0x0000000000603058        0x0 /tmp/ccQDEMQ2.o
 .data          0x0000000000603058        0x0 /tmp/ccsEEWXn.o
 .data          0x0000000000603058        0x0 /tmp/ccPtA0dJ.o
 .data          0x0000000000603058        0x0 /tmp/ccpkwXF4.o
 .data          0x0000000000603058        0x0 /tmp/ccJpnGhq.o
 .data          0x0000000000603058        0x0 /usr/lib/x86_64-linux-gnu/libc_nonshared.a(elf-init.oS)
 .data          0x0000000000603058        0x0 /usr/lib/gcc/x86_64-linux-gnu/5/crtend.o
 .data          0x0000000000603058        0x0 /usr/lib/gcc/x86_64-linux-gnu/5/../../../x86_64-linux-gnu/crtn.o

.tm_clone_table
                0x0000000000603058        0x0
 .tm_clone_table
                0x0000000000603058        0x0 /usr/lib/gcc/x86_64-linux-gnu/5/crtbegin.o
 .tm_clone_table
                0x0000000000603058        0x0 /usr/lib/gcc/x86_64-linux-gnu/5/crtend.o

.data1
 *(.data1)
                0x0000000000603058                _edata = .
                [!provide]                        PROVIDE (edata, .)
                0x0000000000603058                . = .
                0x0000000000603058                __bss_start = .

.bss            0x0000000000603058        0x8
 *(.dynbss)
 .dynbss        0x0000000000603058        0x0 /usr/lib/gcc/x86_64-linux-gnu/5/../../../x86_64-linux-gnu/crt1.o
 *(.bss .bss.* .gnu.linkonce.b.*)
 .bss           0x0000000000603058        0x0 /usr/lib/gcc/x86_64-linux-gnu/5/../../../x86_64-linux-gnu/crt1.o
 .bss           0x0000000000603058        0x0 /usr/lib/gcc/x86_64-linux-gnu/5/../../../x86_64-linux-gnu/crti.o
 .bss           0x0000000000603058        0x1 /usr/lib/gcc/x86_64-linux-gnu/5/crtbegin.o
 .bss           0x0000000000603059        0x0 /tmp/ccQDEMQ2.o
 .bss           0x0000000000603059        0x0 /tmp/ccsEEWXn.o
 .bss           0x0000000000603059        0x0 /tmp/ccPtA0dJ.o
 .bss           0x0000000000603059        0x0 /tmp/ccpkwXF4.o
 .bss           0x0000000000603059        0x0 /tmp/ccJpnGhq.o
 .bss           0x0000000000603059        0x0 /usr/lib/x86_64-linux-gnu/libc_nonshared.a(elf-init.oS)
 .bss           0x0000000000603059        0x0 /usr/lib/gcc/x86_64-linux-gnu/5/crtend.o
 .bss           0x0000000000603059        0x0 /usr/lib/gcc/x86_64-linux-gnu/5/../../../x86_64-linux-gnu/crtn.o
 *(COMMON)
                0x0000000000603060                . = ALIGN ((. != 0x0)?0x8:0x1)
 *fill*         0x0000000000603059        0x7 

.lbss
 *(.dynlbss)
 *(.lbss .lbss.* .gnu.linkonce.lb.*)
 *(LARGE_COMMON)
                0x0000000000603060                . = ALIGN (0x8)
                0x0000000000603060                . = SEGMENT_START ("ldata-segment", .)

.lrodata
 *(.lrodata .lrodata.* .gnu.linkonce.lr.*)

.ldata          0x0000000000a03060        0x0
 *(.ldata .ldata.* .gnu.linkonce.l.*)
                0x0000000000a03060                . = ALIGN ((. != 0x0)?0x8:0x1)
                0x0000000000a03060                . = ALIGN (0x8)
                0x0000000000a03060                _end = .
                [!provide]                        PROVIDE (end, .)
                0x0000000000a03060                . = DATA_SEGMENT_END (.)

.stab
 *(.stab)

.stabstr
 *(.stabstr)

.stab.excl
 *(.stab.excl)

.stab.exclstr
 *(.stab.exclstr)

.stab.index
 *(.stab.index)

.stab.indexstr
 *(.stab.indexstr)

.comment        0x0000000000000000       0x34
 *(.comment)
 .comment       0x0000000000000000       0x34 /usr/lib/gcc/x86_64-linux-gnu/5/crtbegin.o
                                         0x35 (size before relaxing)
 .comment       0x0000000000000034       0x35 /tmp/ccQDEMQ2.o
 .comment       0x0000000000000034       0x35 /tmp/ccsEEWXn.o
 .comment       0x0000000000000034       0x35 /tmp/ccPtA0dJ.o
 .comment       0x0000000000000034       0x35 /tmp/ccpkwXF4.o
 .comment       0x0000000000000034       0x35 /tmp/ccJpnGhq.o
 .comment       0x0000000000000034       0x35 /usr/lib/gcc/x86_64-linux-gnu/5/crtend.o

.debug
 *(.debug)

.line
 *(.line)

.debug_srcinfo
 *(.debug_srcinfo)

.debug_sfnames
 *(.debug_sfnames)

.debug_aranges  0x0000000000000000       0xf0
 *(.debug_aranges)
 .debug_aranges
                0x0000000000000000       0x30 /tmp/ccQDEMQ2.o
 .debug_aranges
                0x0000000000000030       0x30 /tmp/ccsEEWXn.o
 .debug_aranges
                0x0000000000000060       0x30 /tmp/ccPtA0dJ.o
 .debug_aranges
                0x0000000000000090       0x30 /tmp/ccpkwXF4.o
 .debug_aranges
                0x00000000000000c0       0x30 /tmp/ccJpnGhq.o

.debug_pubnames
 *(.debug_pubnames)

.debug_info     0x0000000000000000      0xcbe
 *(.debug_info .gnu.linkonce.wi.*)
 .debug_info    0x0000000000000000       0x91 /tmp/ccQDEMQ2.o
 .debug_info    0x0000000000000091      0x40f /tmp/ccsEEWXn.o
 .debug_info    0x00000000000004a0      0x164 /tmp/ccPtA0dJ.o
 .debug_info    0x0000000000000604      0x41e /tmp/ccpkwXF4.o
 .debug_info    0x0000000000000a22      0x29c /tmp/ccJpnGhq.o

.debug_abbrev   0x0000000000000000      0x3a1
 *(.debug_abbrev)
 .debug_abbrev  0x0000000000000000       0x44 /tmp/ccQDEMQ2.o
 .debug_abbrev  0x0000000000000044       0xef /tmp/ccsEEWXn.o
 .debug_abbrev  0x0000000000000133       0xb2 /tmp/ccPtA0dJ.o
 .debug_abbrev  0x00000000000001e5       0xe3 /tmp/ccpkwXF4.o
 .debug_abbrev  0x00000000000002c8       0xd9 /tmp/ccJpnGhq.o

.debug_line     0x0000000000000000      0x56b
 *(.debug_line .debug_line.* .debug_line_end)
 .debug_line    0x0000000000000000       0x41 /tmp/ccQDEMQ2.o
 .debug_line    0x0000000000000041      0x147 /tmp/ccsEEWXn.o
 .debug_line    0x0000000000000188      0x127 /tmp/ccPtA0dJ.o
 .debug_line    0x00000000000002af      0x1e6 /tmp/ccpkwXF4.o
 .debug_line    0x0000000000000495       0xd6 /tmp/ccJpnGhq.o

.debug_frame
 *(.debug_frame)

.debug_str      0x0000000000000000      0x2d8
 *(.debug_str)
 .debug_str     0x0000000000000000       0xdf /tmp/ccQDEMQ2.o
                                        0x106 (size before relaxing)
 .debug_str     0x00000000000000df       0xc7 /tmp/ccsEEWXn.o
                                        0x1c2 (size before relaxing)
 .debug_str     0x00000000000001a6       0x41 /tmp/ccPtA0dJ.o
                                        0x145 (size before relaxing)
 .debug_str     0x00000000000001e7       0x8d /tmp/ccpkwXF4.o
                                        0x1bd (size before relaxing)
 .debug_str     0x0000000000000274       0x64 /tmp/ccJpnGhq.o
                                        0x164 (size before relaxing)

.debug_loc
 *(.debug_loc)

.debug_macinfo
 *(.debug_macinfo)

.debug_weaknames
 *(.debug_weaknames)

.debug_funcnames
 *(.debug_funcnames)

.debug_typenames
 *(.debug_typenames)

.debug_varnames
 *(.debug_varnames)

.debug_pubtypes
 *(.debug_pubtypes)

.debug_ranges
 *(.debug_ranges)

.debug_macro
 *(.debug_macro)

.gnu.attributes
 *(.gnu.attributes)

/DISCARD/
 *(.note.GNU-stack)
 *(.gnu_debuglink)
 *(.gnu.lto_*)
OUTPUT(c1m2.out elf64-x86-64)
